[2026-09-09 22:03:27] [cPanelCron] start
[2026-09-09 22:03:27] [cPanelCron][AcademicStatusSync] success school_year_rows=0 semester_rows=0 daily_safety=yes
[2026-09-09 22:03:27] [cPanelCron][AttendanceGeneration] success generated_rows=192
[2026-09-09 22:06:08] [cPanelCron] start
[2026-09-09 22:06:08] [cPanelCron][AcademicStatusSync] success school_year_rows=0 semester_rows=0 daily_safety=yes
[2026-09-09 22:06:09] [cPanelCron][AttendanceGeneration] success generated_rows=1
[2026-09-09 22:06:17] [cPanelCron][AttendanceStatuses] success pending_rows=1 pending_alert_sent=1 pending_reminder_sent=0 auto_absent_rows=1 absent_email_sent=1 absent_email_failed=0 absent_email_skipped=0
[2026-09-09 22:06:17] [cPanelCron] stopped exit_code=0
[2026-09-09 22:07:00] [cPanelCron] start
[2026-09-09 22:07:00] [cPanelCron][AttendanceStatuses] success pending_rows=0 pending_alert_sent=0 pending_reminder_sent=0 auto_absent_rows=0 absent_email_sent=0 absent_email_failed=0 absent_email_skipped=0
[2026-09-09 22:07:00] [cPanelCron] stopped exit_code=0
[2026-09-09 22:08:00] [cPanelCron] start
[2026-09-09 22:08:00] [cPanelCron][AttendanceStatuses] success pending_rows=0 pending_alert_sent=0 pending_reminder_sent=0 auto_absent_rows=0 absent_email_sent=0 absent_email_failed=0 absent_email_skipped=0
[2026-09-09 22:08:00] [cPanelCron] stopped exit_code=0
[2026-09-09 22:09:00] [cPanelCron] start
[2026-09-09 22:09:00] [cPanelCron][AttendanceStatuses] success pending_rows=0 pending_alert_sent=0 pending_reminder_sent=0 auto_absent_rows=0 absent_email_sent=0 absent_email_failed=0 absent_email_skipped=0
[2026-09-09 22:09:00] [cPanelCron] stopped exit_code=0
[2026-09-09 22:10:00] [cPanelCron] start
[2026-09-09 22:10:00] [cPanelCron][AttendanceStatuses] success pending_rows=0 pending_alert_sent=0 pending_reminder_sent=0 auto_absent_rows=0 absent_email_sent=0 absent_email_failed=0 absent_email_skipped=0
[2026-09-09 22:10:00] [cPanelCron] stopped exit_code=0
[2026-09-09 22:11:00] [cPanelCron] start
[2026-09-09 22:11:04] [cPanelCron][AttendanceStatuses] success pending_rows=0 pending_alert_sent=0 pending_reminder_sent=0 auto_absent_rows=1 absent_email_sent=1 absent_email_failed=0 absent_email_skipped=0
[2026-09-09 22:11:04] [cPanelCron] stopped exit_code=0
[2026-09-09 22:12:00] [cPanelCron] start
[2026-09-09 22:12:00] [cPanelCron][AcademicStatusSync] success school_year_rows=0 semester_rows=0 daily_safety=no
[2026-09-09 22:12:00] [cPanelCron][AttendanceGeneration] success generated_rows=0
[2026-09-09 22:12:00] [cPanelCron][AttendanceStatuses] success pending_rows=0 pending_alert_sent=0 pending_reminder_sent=0 auto_absent_rows=0 absent_email_sent=0 absent_email_failed=0 absent_email_skipped=0
[2026-09-09 22:12:00] [cPanelCron] stopped exit_code=0
[2026-09-09 22:13:00] [cPanelCron] start
[2026-09-09 22:13:00] [cPanelCron][AttendanceStatuses] success pending_rows=0 pending_alert_sent=0 pending_reminder_sent=0 auto_absent_rows=0 absent_email_sent=0 absent_email_failed=0 absent_email_skipped=0
[2026-09-09 22:13:00] [cPanelCron] stopped exit_code=0
[2026-09-09 22:14:00] [cPanelCron] start
[2026-09-09 22:14:00] [cPanelCron][AttendanceStatuses] success pending_rows=0 pending_alert_sent=0 pending_reminder_sent=0 auto_absent_rows=0 absent_email_sent=0 absent_email_failed=0 absent_email_skipped=0
[2026-09-09 22:14:00] [cPanelCron] stopped exit_code=0
[2026-09-09 22:15:00] [cPanelCron] start
[2026-09-09 22:15:00] [cPanelCron][AttendanceStatuses] success pending_rows=0 pending_alert_sent=0 pending_reminder_sent=0 auto_absent_rows=0 absent_email_sent=0 absent_email_failed=0 absent_email_skipped=0
[2026-09-09 22:15:00] [cPanelCron] stopped exit_code=0
[2026-09-09 22:16:00] [cPanelCron] start
[2026-09-09 22:16:00] [cPanelCron][AttendanceStatuses] success pending_rows=0 pending_alert_sent=0 pending_reminder_sent=0 auto_absent_rows=0 absent_email_sent=0 absent_email_failed=0 absent_email_skipped=0
[2026-09-09 22:16:00] [cPanelCron] stopped exit_code=0
[2026-09-09 22:17:00] [cPanelCron] start
[2026-09-09 22:17:00] [cPanelCron][AcademicStatusSync] success school_year_rows=0 semester_rows=0 daily_safety=no
[2026-09-09 22:17:00] [cPanelCron][AttendanceGeneration] success generated_rows=0
[2026-09-09 22:17:00] [cPanelCron][AttendanceStatuses] success pending_rows=0 pending_alert_sent=0 pending_reminder_sent=0 auto_absent_rows=0 absent_email_sent=0 absent_email_failed=0 absent_email_skipped=0
[2026-09-09 22:17:00] [cPanelCron] stopped exit_code=0
[2026-09-09 22:18:00] [cPanelCron] start
[2026-09-09 22:18:00] [cPanelCron][AttendanceStatuses] success pending_rows=0 pending_alert_sent=0 pending_reminder_sent=0 auto_absent_rows=0 absent_email_sent=0 absent_email_failed=0 absent_email_skipped=0
[2026-09-09 22:18:00] [cPanelCron] stopped exit_code=0
[2026-09-09 22:19:00] [cPanelCron] start
[2026-09-09 22:19:00] [cPanelCron][AttendanceStatuses] success pending_rows=0 pending_alert_sent=0 pending_reminder_sent=0 auto_absent_rows=0 absent_email_sent=0 absent_email_failed=0 absent_email_skipped=0
[2026-09-09 22:19:00] [cPanelCron] stopped exit_code=0
[2026-09-09 22:20:00] [cPanelCron] start
[2026-09-09 22:20:00] [cPanelCron][AttendanceStatuses] success pending_rows=0 pending_alert_sent=0 pending_reminder_sent=0 auto_absent_rows=0 absent_email_sent=0 absent_email_failed=0 absent_email_skipped=0
[2026-09-09 22:20:00] [cPanelCron] stopped exit_code=0
[2026-09-09 22:21:00] [cPanelCron] start
[2026-09-09 22:21:00] [cPanelCron][AttendanceStatuses] success pending_rows=0 pending_alert_sent=0 pending_reminder_sent=0 auto_absent_rows=0 absent_email_sent=0 absent_email_failed=0 absent_email_skipped=0
[2026-09-09 22:21:00] [cPanelCron] stopped exit_code=0
[2026-09-09 22:22:00] [cPanelCron] start
[2026-09-09 22:22:00] [cPanelCron][AcademicStatusSync] success school_year_rows=0 semester_rows=0 daily_safety=no
[2026-09-09 22:22:00] [cPanelCron][AttendanceGeneration] success generated_rows=0
[2026-09-09 22:22:00] [cPanelCron][AttendanceStatuses] success pending_rows=0 pending_alert_sent=0 pending_reminder_sent=0 auto_absent_rows=0 absent_email_sent=0 absent_email_failed=0 absent_email_skipped=0
[2026-09-09 22:22:00] [cPanelCron] stopped exit_code=0
[2026-09-09 22:23:00] [cPanelCron] start
[2026-09-09 22:23:00] [cPanelCron][AttendanceStatuses] success pending_rows=0 pending_alert_sent=0 pending_reminder_sent=0 auto_absent_rows=0 absent_email_sent=0 absent_email_failed=0 absent_email_skipped=0
[2026-09-09 22:23:00] [cPanelCron] stopped exit_code=0
[2026-09-09 22:24:00] [cPanelCron] start
[2026-09-09 22:24:00] [cPanelCron][AttendanceStatuses] success pending_rows=0 pending_alert_sent=0 pending_reminder_sent=0 auto_absent_rows=0 absent_email_sent=0 absent_email_failed=0 absent_email_skipped=0
[2026-09-09 22:24:00] [cPanelCron] stopped exit_code=0
[2026-09-09 22:25:00] [cPanelCron] start
[2026-09-09 22:25:00] [cPanelCron][AttendanceStatuses] success pending_rows=0 pending_alert_sent=0 pending_reminder_sent=0 auto_absent_rows=0 absent_email_sent=0 absent_email_failed=0 absent_email_skipped=0
[2026-09-09 22:25:00] [cPanelCron] stopped exit_code=0
[2026-09-09 22:26:00] [cPanelCron] start
[2026-09-09 22:26:00] [cPanelCron][AttendanceStatuses] success pending_rows=0 pending_alert_sent=0 pending_reminder_sent=0 auto_absent_rows=0 absent_email_sent=0 absent_email_failed=0 absent_email_skipped=0
[2026-09-09 22:26:00] [cPanelCron] stopped exit_code=0
[2026-09-09 22:27:00] [cPanelCron] start
[2026-09-09 22:27:00] [cPanelCron][AcademicStatusSync] success school_year_rows=0 semester_rows=0 daily_safety=no
[2026-09-09 22:27:00] [cPanelCron][AttendanceGeneration] success generated_rows=0
[2026-09-09 22:27:00] [cPanelCron][AttendanceStatuses] success pending_rows=0 pending_alert_sent=0 pending_reminder_sent=0 auto_absent_rows=0 absent_email_sent=0 absent_email_failed=0 absent_email_skipped=0
[2026-09-09 22:27:00] [cPanelCron] stopped exit_code=0
[2026-09-09 22:28:00] [cPanelCron] start
[2026-09-09 22:28:00] [cPanelCron][AttendanceStatuses] success pending_rows=0 pending_alert_sent=0 pending_reminder_sent=0 auto_absent_rows=0 absent_email_sent=0 absent_email_failed=0 absent_email_skipped=0
[2026-09-09 22:28:00] [cPanelCron] stopped exit_code=0
[2026-09-09 22:29:00] [cPanelCron] start
[2026-09-09 22:29:00] [cPanelCron][AttendanceStatuses] success pending_rows=0 pending_alert_sent=0 pending_reminder_sent=0 auto_absent_rows=0 absent_email_sent=0 absent_email_failed=0 absent_email_skipped=0
[2026-09-09 22:29:00] [cPanelCron] stopped exit_code=0
[2026-09-09 22:30:00] [cPanelCron] start
[2026-09-09 22:30:00] [cPanelCron][AttendanceStatuses] success pending_rows=0 pending_alert_sent=0 pending_reminder_sent=0 auto_absent_rows=0 absent_email_sent=0 absent_email_failed=0 absent_email_skipped=0
[2026-09-09 22:30:00] [cPanelCron] stopped exit_code=0
[2026-09-09 22:31:00] [cPanelCron] start
[2026-09-09 22:31:00] [cPanelCron][AttendanceStatuses] success pending_rows=0 pending_alert_sent=0 pending_reminder_sent=0 auto_absent_rows=0 absent_email_sent=0 absent_email_failed=0 absent_email_skipped=0
[2026-09-09 22:31:00] [cPanelCron] stopped exit_code=0
[2026-09-09 22:32:00] [cPanelCron] start
[2026-09-09 22:32:00] [cPanelCron][AcademicStatusSync] success school_year_rows=0 semester_rows=0 daily_safety=no
[2026-09-09 22:32:00] [cPanelCron][AttendanceGeneration] success generated_rows=0
[2026-09-09 22:32:00] [cPanelCron][AttendanceStatuses] success pending_rows=0 pending_alert_sent=0 pending_reminder_sent=0 auto_absent_rows=0 absent_email_sent=0 absent_email_failed=0 absent_email_skipped=0
[2026-09-09 22:32:00] [cPanelCron] stopped exit_code=0
[2026-09-09 22:33:00] [cPanelCron] start
[2026-09-09 22:33:00] [cPanelCron][AttendanceStatuses] success pending_rows=0 pending_alert_sent=0 pending_reminder_sent=0 auto_absent_rows=0 absent_email_sent=0 absent_email_failed=0 absent_email_skipped=0
[2026-09-09 22:33:00] [cPanelCron] stopped exit_code=0
[2026-09-09 22:34:00] [cPanelCron] start
[2026-09-09 22:34:00] [cPanelCron][AttendanceStatuses] success pending_rows=0 pending_alert_sent=0 pending_reminder_sent=0 auto_absent_rows=0 absent_email_sent=0 absent_email_failed=0 absent_email_skipped=0
[2026-09-09 22:34:00] [cPanelCron] stopped exit_code=0
[2026-09-09 22:35:00] [cPanelCron] start
[2026-09-09 22:35:00] [cPanelCron][AttendanceStatuses] success pending_rows=0 pending_alert_sent=0 pending_reminder_sent=0 auto_absent_rows=0 absent_email_sent=0 absent_email_failed=0 absent_email_skipped=0
[2026-09-09 22:35:00] [cPanelCron] stopped exit_code=0
[2026-09-09 22:36:00] [cPanelCron] start
[2026-09-09 22:36:00] [cPanelCron][AttendanceStatuses] success pending_rows=0 pending_alert_sent=0 pending_reminder_sent=0 auto_absent_rows=0 absent_email_sent=0 absent_email_failed=0 absent_email_skipped=0
[2026-09-09 22:36:00] [cPanelCron] stopped exit_code=0
[2026-09-09 22:37:00] [cPanelCron] start
[2026-09-09 22:37:00] [cPanelCron][AcademicStatusSync] success school_year_rows=0 semester_rows=0 daily_safety=no
[2026-09-09 22:37:00] [cPanelCron][AttendanceGeneration] success generated_rows=0
[2026-09-09 22:37:00] [cPanelCron][AttendanceStatuses] success pending_rows=0 pending_alert_sent=0 pending_reminder_sent=0 auto_absent_rows=0 absent_email_sent=0 absent_email_failed=0 absent_email_skipped=0
[2026-09-09 22:37:00] [cPanelCron] stopped exit_code=0
[2026-09-09 22:38:00] [cPanelCron] start
[2026-09-09 22:38:00] [cPanelCron][AttendanceStatuses] success pending_rows=0 pending_alert_sent=0 pending_reminder_sent=0 auto_absent_rows=0 absent_email_sent=0 absent_email_failed=0 absent_email_skipped=0
[2026-09-09 22:38:00] [cPanelCron] stopped exit_code=0
[2026-09-09 22:39:00] [cPanelCron] start
[2026-09-09 22:39:00] [cPanelCron][AttendanceStatuses] success pending_rows=0 pending_alert_sent=0 pending_reminder_sent=0 auto_absent_rows=0 absent_email_sent=0 absent_email_failed=0 absent_email_skipped=0
[2026-09-09 22:39:00] [cPanelCron] stopped exit_code=0
[2026-09-09 22:40:00] [cPanelCron] start
[2026-09-09 22:40:00] [cPanelCron][AttendanceStatuses] success pending_rows=0 pending_alert_sent=0 pending_reminder_sent=0 auto_absent_rows=0 absent_email_sent=0 absent_email_failed=0 absent_email_skipped=0
[2026-09-09 22:40:00] [cPanelCron] stopped exit_code=0
[2026-09-09 22:41:00] [cPanelCron] start
[2026-09-09 22:41:00] [cPanelCron][AttendanceStatuses] success pending_rows=0 pending_alert_sent=0 pending_reminder_sent=0 auto_absent_rows=0 absent_email_sent=0 absent_email_failed=0 absent_email_skipped=0
[2026-09-09 22:41:00] [cPanelCron] stopped exit_code=0
[2026-09-09 22:42:00] [cPanelCron] start
[2026-09-09 22:42:00] [cPanelCron][AcademicStatusSync] success school_year_rows=0 semester_rows=0 daily_safety=no
[2026-09-09 22:42:00] [cPanelCron][AttendanceGeneration] success generated_rows=0
[2026-09-09 22:42:00] [cPanelCron][AttendanceStatuses] success pending_rows=0 pending_alert_sent=0 pending_reminder_sent=0 auto_absent_rows=0 absent_email_sent=0 absent_email_failed=0 absent_email_skipped=0
[2026-09-09 22:42:00] [cPanelCron] stopped exit_code=0
[2026-09-09 22:43:00] [cPanelCron] start
[2026-09-09 22:43:00] [cPanelCron][AttendanceStatuses] success pending_rows=0 pending_alert_sent=0 pending_reminder_sent=0 auto_absent_rows=0 absent_email_sent=0 absent_email_failed=0 absent_email_skipped=0
[2026-09-09 22:43:00] [cPanelCron] stopped exit_code=0
[2026-09-09 22:44:00] [cPanelCron] start
[2026-09-09 22:44:00] [cPanelCron][AttendanceStatuses] success pending_rows=0 pending_alert_sent=0 pending_reminder_sent=0 auto_absent_rows=0 absent_email_sent=0 absent_email_failed=0 absent_email_skipped=0
[2026-09-09 22:44:00] [cPanelCron] stopped exit_code=0
[2026-09-09 22:45:00] [cPanelCron] start
[2026-09-09 22:45:00] [cPanelCron][AttendanceStatuses] success pending_rows=0 pending_alert_sent=0 pending_reminder_sent=0 auto_absent_rows=0 absent_email_sent=0 absent_email_failed=0 absent_email_skipped=0
[2026-09-09 22:45:00] [cPanelCron] stopped exit_code=0
[2026-09-09 22:46:00] [cPanelCron] start
[2026-09-09 22:46:00] [cPanelCron][AttendanceStatuses] success pending_rows=0 pending_alert_sent=0 pending_reminder_sent=0 auto_absent_rows=0 absent_email_sent=0 absent_email_failed=0 absent_email_skipped=0
[2026-09-09 22:46:00] [cPanelCron] stopped exit_code=0
[2026-09-09 22:47:00] [cPanelCron] start
[2026-09-09 22:47:00] [cPanelCron][AcademicStatusSync] success school_year_rows=0 semester_rows=0 daily_safety=no
[2026-09-09 22:47:00] [cPanelCron][AttendanceGeneration] success generated_rows=0
[2026-09-09 22:47:00] [cPanelCron][AttendanceStatuses] success pending_rows=0 pending_alert_sent=0 pending_reminder_sent=0 auto_absent_rows=0 absent_email_sent=0 absent_email_failed=0 absent_email_skipped=0
[2026-09-09 22:47:00] [cPanelCron] stopped exit_code=0
[2026-09-09 22:48:00] [cPanelCron] start
[2026-09-09 22:48:00] [cPanelCron][AttendanceStatuses] success pending_rows=0 pending_alert_sent=0 pending_reminder_sent=0 auto_absent_rows=0 absent_email_sent=0 absent_email_failed=0 absent_email_skipped=0
[2026-09-09 22:48:00] [cPanelCron] stopped exit_code=0
[2026-09-09 22:49:00] [cPanelCron] start
[2026-09-09 22:49:00] [cPanelCron][AttendanceStatuses] success pending_rows=0 pending_alert_sent=0 pending_reminder_sent=0 auto_absent_rows=0 absent_email_sent=0 absent_email_failed=0 absent_email_skipped=0
[2026-09-09 22:49:00] [cPanelCron] stopped exit_code=0
[2026-09-09 22:50:00] [cPanelCron] start
[2026-09-09 22:50:00] [cPanelCron][AttendanceStatuses] success pending_rows=0 pending_alert_sent=0 pending_reminder_sent=0 auto_absent_rows=0 absent_email_sent=0 absent_email_failed=0 absent_email_skipped=0
[2026-09-09 22:50:00] [cPanelCron] stopped exit_code=0
[2026-09-09 22:51:00] [cPanelCron] start
[2026-09-09 22:51:00] [cPanelCron][AttendanceStatuses] success pending_rows=0 pending_alert_sent=0 pending_reminder_sent=0 auto_absent_rows=0 absent_email_sent=0 absent_email_failed=0 absent_email_skipped=0
[2026-09-09 22:51:00] [cPanelCron] stopped exit_code=0
[2026-09-09 22:52:00] [cPanelCron] start
[2026-09-09 22:52:00] [cPanelCron][AcademicStatusSync] success school_year_rows=0 semester_rows=0 daily_safety=no
[2026-09-09 22:52:00] [cPanelCron][AttendanceGeneration] success generated_rows=0
[2026-09-09 22:52:00] [cPanelCron][AttendanceStatuses] success pending_rows=0 pending_alert_sent=0 pending_reminder_sent=0 auto_absent_rows=0 absent_email_sent=0 absent_email_failed=0 absent_email_skipped=0
[2026-09-09 22:52:00] [cPanelCron] stopped exit_code=0
[2026-09-09 22:53:00] [cPanelCron] start
[2026-09-09 22:53:00] [cPanelCron][AttendanceStatuses] success pending_rows=0 pending_alert_sent=0 pending_reminder_sent=0 auto_absent_rows=0 absent_email_sent=0 absent_email_failed=0 absent_email_skipped=0
[2026-09-09 22:53:00] [cPanelCron] stopped exit_code=0
[2026-09-09 22:54:00] [cPanelCron] start
[2026-09-09 22:54:00] [cPanelCron][AttendanceStatuses] success pending_rows=0 pending_alert_sent=0 pending_reminder_sent=0 auto_absent_rows=0 absent_email_sent=0 absent_email_failed=0 absent_email_skipped=0
[2026-09-09 22:54:00] [cPanelCron] stopped exit_code=0
[2026-09-09 22:55:00] [cPanelCron] start
[2026-09-09 22:55:00] [cPanelCron][AttendanceStatuses] success pending_rows=0 pending_alert_sent=0 pending_reminder_sent=0 auto_absent_rows=0 absent_email_sent=0 absent_email_failed=0 absent_email_skipped=0
[2026-09-09 22:55:00] [cPanelCron] stopped exit_code=0
[2026-09-09 22:56:00] [cPanelCron] start
[2026-09-09 22:56:00] [cPanelCron][AttendanceStatuses] success pending_rows=0 pending_alert_sent=0 pending_reminder_sent=0 auto_absent_rows=0 absent_email_sent=0 absent_email_failed=0 absent_email_skipped=0
[2026-09-09 22:56:00] [cPanelCron] stopped exit_code=0
[2026-09-09 22:57:00] [cPanelCron] start
[2026-09-09 22:57:00] [cPanelCron][AcademicStatusSync] success school_year_rows=0 semester_rows=0 daily_safety=no
[2026-09-09 22:57:00] [cPanelCron][AttendanceGeneration] success generated_rows=0
[2026-09-09 22:57:00] [cPanelCron][AttendanceStatuses] success pending_rows=0 pending_alert_sent=0 pending_reminder_sent=0 auto_absent_rows=0 absent_email_sent=0 absent_email_failed=0 absent_email_skipped=0
[2026-09-09 22:57:00] [cPanelCron] stopped exit_code=0
[2026-09-09 22:58:00] [cPanelCron] start
[2026-09-09 22:58:00] [cPanelCron][AttendanceStatuses] success pending_rows=0 pending_alert_sent=0 pending_reminder_sent=0 auto_absent_rows=0 absent_email_sent=0 absent_email_failed=0 absent_email_skipped=0
[2026-09-09 22:58:00] [cPanelCron] stopped exit_code=0
[2026-09-09 22:59:00] [cPanelCron] start
[2026-09-09 22:59:00] [cPanelCron][AttendanceStatuses] success pending_rows=0 pending_alert_sent=0 pending_reminder_sent=0 auto_absent_rows=0 absent_email_sent=0 absent_email_failed=0 absent_email_skipped=0
[2026-09-09 22:59:00] [cPanelCron] stopped exit_code=0
[2026-09-09 23:00:00] [cPanelCron] start
[2026-09-09 23:00:00] [cPanelCron][AttendanceStatuses] success pending_rows=0 pending_alert_sent=0 pending_reminder_sent=0 auto_absent_rows=0 absent_email_sent=0 absent_email_failed=0 absent_email_skipped=0
[2026-09-09 23:00:00] [cPanelCron] stopped exit_code=0
[2026-09-09 23:01:00] [cPanelCron] start
[2026-09-09 23:01:00] [cPanelCron][AttendanceStatuses] success pending_rows=0 pending_alert_sent=0 pending_reminder_sent=0 auto_absent_rows=0 absent_email_sent=0 absent_email_failed=0 absent_email_skipped=0
[2026-09-09 23:01:00] [cPanelCron] stopped exit_code=0
[2026-09-09 23:02:00] [cPanelCron] start
[2026-09-09 23:02:00] [cPanelCron][AcademicStatusSync] success school_year_rows=0 semester_rows=0 daily_safety=no
[2026-09-09 23:02:00] [cPanelCron][AttendanceGeneration] success generated_rows=0
[2026-09-09 23:02:00] [cPanelCron][AttendanceStatuses] success pending_rows=0 pending_alert_sent=0 pending_reminder_sent=0 auto_absent_rows=0 absent_email_sent=0 absent_email_failed=0 absent_email_skipped=0
[2026-09-09 23:02:00] [cPanelCron] stopped exit_code=0
[2026-09-09 23:03:00] [cPanelCron] start
[2026-09-09 23:03:00] [cPanelCron][AttendanceStatuses] success pending_rows=0 pending_alert_sent=0 pending_reminder_sent=0 auto_absent_rows=0 absent_email_sent=0 absent_email_failed=0 absent_email_skipped=0
[2026-09-09 23:03:00] [cPanelCron] stopped exit_code=0
[2026-09-09 23:04:00] [cPanelCron] start
[2026-09-09 23:04:00] [cPanelCron][AttendanceStatuses] success pending_rows=0 pending_alert_sent=0 pending_reminder_sent=0 auto_absent_rows=0 absent_email_sent=0 absent_email_failed=0 absent_email_skipped=0
[2026-09-09 23:04:00] [cPanelCron] stopped exit_code=0
[2026-09-09 23:05:00] [cPanelCron] start
[2026-09-09 23:05:00] [cPanelCron][AttendanceStatuses] success pending_rows=0 pending_alert_sent=0 pending_reminder_sent=0 auto_absent_rows=0 absent_email_sent=0 absent_email_failed=0 absent_email_skipped=0
[2026-09-09 23:05:00] [cPanelCron] stopped exit_code=0
[2026-09-09 23:06:00] [cPanelCron] start
[2026-09-09 23:06:00] [cPanelCron][AttendanceStatuses] success pending_rows=0 pending_alert_sent=0 pending_reminder_sent=0 auto_absent_rows=0 absent_email_sent=0 absent_email_failed=0 absent_email_skipped=0
[2026-09-09 23:06:00] [cPanelCron] stopped exit_code=0
[2026-09-09 23:07:00] [cPanelCron] start
[2026-09-09 23:07:00] [cPanelCron][AcademicStatusSync] success school_year_rows=0 semester_rows=0 daily_safety=no
[2026-09-09 23:07:00] [cPanelCron][AttendanceGeneration] success generated_rows=0
[2026-09-09 23:07:00] [cPanelCron][AttendanceStatuses] success pending_rows=0 pending_alert_sent=0 pending_reminder_sent=0 auto_absent_rows=0 absent_email_sent=0 absent_email_failed=0 absent_email_skipped=0
[2026-09-09 23:07:00] [cPanelCron] stopped exit_code=0
[2026-09-09 23:08:00] [cPanelCron] start
[2026-09-09 23:08:00] [cPanelCron][AttendanceStatuses] success pending_rows=0 pending_alert_sent=0 pending_reminder_sent=0 auto_absent_rows=0 absent_email_sent=0 absent_email_failed=0 absent_email_skipped=0
[2026-09-09 23:08:00] [cPanelCron] stopped exit_code=0
[2026-09-09 23:09:00] [cPanelCron] start
[2026-09-09 23:09:00] [cPanelCron][AttendanceStatuses] success pending_rows=0 pending_alert_sent=0 pending_reminder_sent=0 auto_absent_rows=0 absent_email_sent=0 absent_email_failed=0 absent_email_skipped=0
[2026-09-09 23:09:00] [cPanelCron] stopped exit_code=0
[2026-09-09 23:10:00] [cPanelCron] start
[2026-09-09 23:10:00] [cPanelCron][AttendanceStatuses] success pending_rows=0 pending_alert_sent=0 pending_reminder_sent=0 auto_absent_rows=0 absent_email_sent=0 absent_email_failed=0 absent_email_skipped=0
[2026-09-09 23:10:00] [cPanelCron] stopped exit_code=0
[2026-09-09 23:11:00] [cPanelCron] start
[2026-09-09 23:11:00] [cPanelCron][AttendanceStatuses] success pending_rows=0 pending_alert_sent=0 pending_reminder_sent=0 auto_absent_rows=0 absent_email_sent=0 absent_email_failed=0 absent_email_skipped=0
[2026-09-09 23:11:00] [cPanelCron] stopped exit_code=0
[2026-09-09 23:12:00] [cPanelCron] start
[2026-09-09 23:12:00] [cPanelCron][AcademicStatusSync] success school_year_rows=0 semester_rows=0 daily_safety=no
[2026-09-09 23:12:00] [cPanelCron][AttendanceGeneration] success generated_rows=0
[2026-09-09 23:12:00] [cPanelCron][AttendanceStatuses] success pending_rows=0 pending_alert_sent=0 pending_reminder_sent=0 auto_absent_rows=0 absent_email_sent=0 absent_email_failed=0 absent_email_skipped=0
[2026-09-09 23:12:00] [cPanelCron] stopped exit_code=0
[2026-09-09 23:13:00] [cPanelCron] start
[2026-09-09 23:13:00] [cPanelCron][AttendanceStatuses] success pending_rows=0 pending_alert_sent=0 pending_reminder_sent=0 auto_absent_rows=0 absent_email_sent=0 absent_email_failed=0 absent_email_skipped=0
[2026-09-09 23:13:00] [cPanelCron] stopped exit_code=0
[2026-09-09 23:14:00] [cPanelCron] start
[2026-09-09 23:14:00] [cPanelCron][AttendanceStatuses] success pending_rows=0 pending_alert_sent=0 pending_reminder_sent=0 auto_absent_rows=0 absent_email_sent=0 absent_email_failed=0 absent_email_skipped=0
[2026-09-09 23:14:00] [cPanelCron] stopped exit_code=0
[2026-09-09 23:15:00] [cPanelCron] start
[2026-09-09 23:15:00] [cPanelCron][AttendanceStatuses] success pending_rows=0 pending_alert_sent=0 pending_reminder_sent=0 auto_absent_rows=0 absent_email_sent=0 absent_email_failed=0 absent_email_skipped=0
[2026-09-09 23:15:00] [cPanelCron] stopped exit_code=0
[2026-09-09 23:16:00] [cPanelCron] start
[2026-09-09 23:16:00] [cPanelCron][AttendanceStatuses] success pending_rows=0 pending_alert_sent=0 pending_reminder_sent=0 auto_absent_rows=0 absent_email_sent=0 absent_email_failed=0 absent_email_skipped=0
[2026-09-09 23:16:00] [cPanelCron] stopped exit_code=0
[2026-09-09 23:17:00] [cPanelCron] start
[2026-09-09 23:17:00] [cPanelCron][AcademicStatusSync] success school_year_rows=0 semester_rows=0 daily_safety=no
[2026-09-09 23:17:00] [cPanelCron][AttendanceGeneration] success generated_rows=0
[2026-09-09 23:17:00] [cPanelCron][AttendanceStatuses] success pending_rows=0 pending_alert_sent=0 pending_reminder_sent=0 auto_absent_rows=0 absent_email_sent=0 absent_email_failed=0 absent_email_skipped=0
[2026-09-09 23:17:00] [cPanelCron] stopped exit_code=0
[2026-09-09 23:18:00] [cPanelCron] start
[2026-09-09 23:18:00] [cPanelCron][AttendanceStatuses] success pending_rows=0 pending_alert_sent=0 pending_reminder_sent=0 auto_absent_rows=0 absent_email_sent=0 absent_email_failed=0 absent_email_skipped=0
[2026-09-09 23:18:00] [cPanelCron] stopped exit_code=0
[2026-09-09 23:19:00] [cPanelCron] start
[2026-09-09 23:19:00] [cPanelCron][AttendanceStatuses] success pending_rows=0 pending_alert_sent=0 pending_reminder_sent=0 auto_absent_rows=0 absent_email_sent=0 absent_email_failed=0 absent_email_skipped=0
[2026-09-09 23:19:00] [cPanelCron] stopped exit_code=0
[2026-09-09 23:20:00] [cPanelCron] start
[2026-09-09 23:20:00] [cPanelCron][AttendanceStatuses] success pending_rows=0 pending_alert_sent=0 pending_reminder_sent=0 auto_absent_rows=0 absent_email_sent=0 absent_email_failed=0 absent_email_skipped=0
[2026-09-09 23:20:00] [cPanelCron] stopped exit_code=0
[2026-09-09 23:21:00] [cPanelCron] start
[2026-09-09 23:21:00] [cPanelCron][AttendanceStatuses] success pending_rows=0 pending_alert_sent=0 pending_reminder_sent=0 auto_absent_rows=0 absent_email_sent=0 absent_email_failed=0 absent_email_skipped=0
[2026-09-09 23:21:00] [cPanelCron] stopped exit_code=0
[2026-09-09 23:22:00] [cPanelCron] start
[2026-09-09 23:22:00] [cPanelCron][AcademicStatusSync] success school_year_rows=0 semester_rows=0 daily_safety=no
[2026-09-09 23:22:00] [cPanelCron][AttendanceGeneration] success generated_rows=0
[2026-09-09 23:22:00] [cPanelCron][AttendanceStatuses] success pending_rows=0 pending_alert_sent=0 pending_reminder_sent=0 auto_absent_rows=0 absent_email_sent=0 absent_email_failed=0 absent_email_skipped=0
[2026-09-09 23:22:00] [cPanelCron] stopped exit_code=0
[2026-09-09 23:23:00] [cPanelCron] start
[2026-09-09 23:23:00] [cPanelCron][AttendanceStatuses] success pending_rows=0 pending_alert_sent=0 pending_reminder_sent=0 auto_absent_rows=0 absent_email_sent=0 absent_email_failed=0 absent_email_skipped=0
[2026-09-09 23:23:00] [cPanelCron] stopped exit_code=0
[2026-09-09 23:24:00] [cPanelCron] start
[2026-09-09 23:24:00] [cPanelCron][AttendanceStatuses] success pending_rows=0 pending_alert_sent=0 pending_reminder_sent=0 auto_absent_rows=0 absent_email_sent=0 absent_email_failed=0 absent_email_skipped=0
[2026-09-09 23:24:00] [cPanelCron] stopped exit_code=0
[2026-09-09 23:25:00] [cPanelCron] start
[2026-09-09 23:25:00] [cPanelCron][AttendanceStatuses] success pending_rows=0 pending_alert_sent=0 pending_reminder_sent=0 auto_absent_rows=0 absent_email_sent=0 absent_email_failed=0 absent_email_skipped=0
[2026-09-09 23:25:00] [cPanelCron] stopped exit_code=0
[2026-09-09 23:26:00] [cPanelCron] start
[2026-09-09 23:26:00] [cPanelCron][AttendanceStatuses] success pending_rows=0 pending_alert_sent=0 pending_reminder_sent=0 auto_absent_rows=0 absent_email_sent=0 absent_email_failed=0 absent_email_skipped=0
[2026-09-09 23:26:00] [cPanelCron] stopped exit_code=0
[2026-09-09 23:27:00] [cPanelCron] start
[2026-09-09 23:27:00] [cPanelCron][AcademicStatusSync] success school_year_rows=0 semester_rows=0 daily_safety=no
[2026-09-09 23:27:00] [cPanelCron][AttendanceGeneration] success generated_rows=0
[2026-09-09 23:27:00] [cPanelCron][AttendanceStatuses] success pending_rows=0 pending_alert_sent=0 pending_reminder_sent=0 auto_absent_rows=0 absent_email_sent=0 absent_email_failed=0 absent_email_skipped=0
[2026-09-09 23:27:00] [cPanelCron] stopped exit_code=0
[2026-09-09 23:28:00] [cPanelCron] start
[2026-09-09 23:28:00] [cPanelCron][AttendanceStatuses] success pending_rows=0 pending_alert_sent=0 pending_reminder_sent=0 auto_absent_rows=0 absent_email_sent=0 absent_email_failed=0 absent_email_skipped=0
[2026-09-09 23:28:00] [cPanelCron] stopped exit_code=0
[2026-09-09 23:29:00] [cPanelCron] start
[2026-09-09 23:29:00] [cPanelCron][AttendanceStatuses] success pending_rows=0 pending_alert_sent=0 pending_reminder_sent=0 auto_absent_rows=0 absent_email_sent=0 absent_email_failed=0 absent_email_skipped=0
[2026-09-09 23:29:00] [cPanelCron] stopped exit_code=0
[2026-09-09 23:30:00] [cPanelCron] start
[2026-09-09 23:30:00] [cPanelCron][AttendanceStatuses] success pending_rows=0 pending_alert_sent=0 pending_reminder_sent=0 auto_absent_rows=0 absent_email_sent=0 absent_email_failed=0 absent_email_skipped=0
[2026-09-09 23:30:00] [cPanelCron] stopped exit_code=0
[2026-09-09 23:31:00] [cPanelCron] start
[2026-09-09 23:31:00] [cPanelCron][AttendanceStatuses] success pending_rows=0 pending_alert_sent=0 pending_reminder_sent=0 auto_absent_rows=0 absent_email_sent=0 absent_email_failed=0 absent_email_skipped=0
[2026-09-09 23:31:00] [cPanelCron] stopped exit_code=0
[2026-09-09 23:32:00] [cPanelCron] start
[2026-09-09 23:32:00] [cPanelCron][AcademicStatusSync] success school_year_rows=0 semester_rows=0 daily_safety=no
[2026-09-09 23:32:00] [cPanelCron][AttendanceGeneration] success generated_rows=0
[2026-09-09 23:32:00] [cPanelCron][AttendanceStatuses] success pending_rows=0 pending_alert_sent=0 pending_reminder_sent=0 auto_absent_rows=0 absent_email_sent=0 absent_email_failed=0 absent_email_skipped=0
[2026-09-09 23:32:00] [cPanelCron] stopped exit_code=0
[2026-09-09 23:33:00] [cPanelCron] start
[2026-09-09 23:33:00] [cPanelCron][AttendanceStatuses] success pending_rows=0 pending_alert_sent=0 pending_reminder_sent=0 auto_absent_rows=0 absent_email_sent=0 absent_email_failed=0 absent_email_skipped=0
[2026-09-09 23:33:00] [cPanelCron] stopped exit_code=0
[2026-09-09 23:34:00] [cPanelCron] start
[2026-09-09 23:34:00] [cPanelCron][AttendanceStatuses] success pending_rows=0 pending_alert_sent=0 pending_reminder_sent=0 auto_absent_rows=0 absent_email_sent=0 absent_email_failed=0 absent_email_skipped=0
[2026-09-09 23:34:00] [cPanelCron] stopped exit_code=0
[2026-09-09 23:35:00] [cPanelCron] start
[2026-09-09 23:35:00] [cPanelCron][AttendanceStatuses] success pending_rows=0 pending_alert_sent=0 pending_reminder_sent=0 auto_absent_rows=0 absent_email_sent=0 absent_email_failed=0 absent_email_skipped=0
[2026-09-09 23:35:00] [cPanelCron] stopped exit_code=0
[2026-09-09 23:36:00] [cPanelCron] start
[2026-09-09 23:36:00] [cPanelCron][AttendanceStatuses] success pending_rows=0 pending_alert_sent=0 pending_reminder_sent=0 auto_absent_rows=0 absent_email_sent=0 absent_email_failed=0 absent_email_skipped=0
[2026-09-09 23:36:00] [cPanelCron] stopped exit_code=0
[2026-09-09 23:37:00] [cPanelCron] start
[2026-09-09 23:37:00] [cPanelCron][AcademicStatusSync] success school_year_rows=0 semester_rows=0 daily_safety=no
[2026-09-09 23:37:00] [cPanelCron][AttendanceGeneration] success generated_rows=0
[2026-09-09 23:37:00] [cPanelCron][AttendanceStatuses] success pending_rows=0 pending_alert_sent=0 pending_reminder_sent=0 auto_absent_rows=0 absent_email_sent=0 absent_email_failed=0 absent_email_skipped=0
[2026-09-09 23:37:00] [cPanelCron] stopped exit_code=0
[2026-09-09 23:38:00] [cPanelCron] start
[2026-09-09 23:38:00] [cPanelCron][AttendanceStatuses] success pending_rows=0 pending_alert_sent=0 pending_reminder_sent=0 auto_absent_rows=0 absent_email_sent=0 absent_email_failed=0 absent_email_skipped=0
[2026-09-09 23:38:00] [cPanelCron] stopped exit_code=0
[2026-09-09 23:39:00] [cPanelCron] start
[2026-09-09 23:39:00] [cPanelCron][AttendanceStatuses] success pending_rows=0 pending_alert_sent=0 pending_reminder_sent=0 auto_absent_rows=0 absent_email_sent=0 absent_email_failed=0 absent_email_skipped=0
[2026-09-09 23:39:00] [cPanelCron] stopped exit_code=0
[2026-09-09 23:40:00] [cPanelCron] start
[2026-09-09 23:40:00] [cPanelCron][AttendanceStatuses] success pending_rows=0 pending_alert_sent=0 pending_reminder_sent=0 auto_absent_rows=0 absent_email_sent=0 absent_email_failed=0 absent_email_skipped=0
[2026-09-09 23:40:00] [cPanelCron] stopped exit_code=0
[2026-09-09 23:41:00] [cPanelCron] start
[2026-09-09 23:41:00] [cPanelCron][AttendanceStatuses] success pending_rows=0 pending_alert_sent=0 pending_reminder_sent=0 auto_absent_rows=0 absent_email_sent=0 absent_email_failed=0 absent_email_skipped=0
[2026-09-09 23:41:00] [cPanelCron] stopped exit_code=0
[2026-09-09 23:42:00] [cPanelCron] start
[2026-09-09 23:42:00] [cPanelCron][AcademicStatusSync] success school_year_rows=0 semester_rows=0 daily_safety=no
[2026-09-09 23:42:00] [cPanelCron][AttendanceGeneration] success generated_rows=0
[2026-09-09 23:42:00] [cPanelCron][AttendanceStatuses] success pending_rows=0 pending_alert_sent=0 pending_reminder_sent=0 auto_absent_rows=0 absent_email_sent=0 absent_email_failed=0 absent_email_skipped=0
[2026-09-09 23:42:00] [cPanelCron] stopped exit_code=0
[2026-09-09 23:43:00] [cPanelCron] start
[2026-09-09 23:43:00] [cPanelCron][AttendanceStatuses] success pending_rows=0 pending_alert_sent=0 pending_reminder_sent=0 auto_absent_rows=0 absent_email_sent=0 absent_email_failed=0 absent_email_skipped=0
[2026-09-09 23:43:00] [cPanelCron] stopped exit_code=0
[2026-09-09 23:44:00] [cPanelCron] start
[2026-09-09 23:44:00] [cPanelCron][AttendanceStatuses] success pending_rows=0 pending_alert_sent=0 pending_reminder_sent=0 auto_absent_rows=0 absent_email_sent=0 absent_email_failed=0 absent_email_skipped=0
[2026-09-09 23:44:00] [cPanelCron] stopped exit_code=0
[2026-09-09 23:45:00] [cPanelCron] start
[2026-09-09 23:45:00] [cPanelCron][AttendanceStatuses] success pending_rows=0 pending_alert_sent=0 pending_reminder_sent=0 auto_absent_rows=0 absent_email_sent=0 absent_email_failed=0 absent_email_skipped=0
[2026-09-09 23:45:00] [cPanelCron] stopped exit_code=0
[2026-09-09 23:46:00] [cPanelCron] start
[2026-09-09 23:46:00] [cPanelCron][AttendanceStatuses] success pending_rows=0 pending_alert_sent=0 pending_reminder_sent=0 auto_absent_rows=0 absent_email_sent=0 absent_email_failed=0 absent_email_skipped=0
[2026-09-09 23:46:00] [cPanelCron] stopped exit_code=0
[2026-09-09 23:47:00] [cPanelCron] start
[2026-09-09 23:47:00] [cPanelCron][AcademicStatusSync] success school_year_rows=0 semester_rows=0 daily_safety=no
[2026-09-09 23:47:00] [cPanelCron][AttendanceGeneration] success generated_rows=0
[2026-09-09 23:47:00] [cPanelCron][AttendanceStatuses] success pending_rows=0 pending_alert_sent=0 pending_reminder_sent=0 auto_absent_rows=0 absent_email_sent=0 absent_email_failed=0 absent_email_skipped=0
[2026-09-09 23:47:00] [cPanelCron] stopped exit_code=0
[2026-09-09 23:48:00] [cPanelCron] start
[2026-09-09 23:48:00] [cPanelCron][AttendanceStatuses] success pending_rows=0 pending_alert_sent=0 pending_reminder_sent=0 auto_absent_rows=0 absent_email_sent=0 absent_email_failed=0 absent_email_skipped=0
[2026-09-09 23:48:00] [cPanelCron] stopped exit_code=0
[2026-09-09 23:49:00] [cPanelCron] start
[2026-09-09 23:49:00] [cPanelCron][AttendanceStatuses] success pending_rows=0 pending_alert_sent=0 pending_reminder_sent=0 auto_absent_rows=0 absent_email_sent=0 absent_email_failed=0 absent_email_skipped=0
[2026-09-09 23:49:00] [cPanelCron] stopped exit_code=0
[2026-09-09 23:50:00] [cPanelCron] start
[2026-09-09 23:50:00] [cPanelCron][AttendanceStatuses] success pending_rows=0 pending_alert_sent=0 pending_reminder_sent=0 auto_absent_rows=0 absent_email_sent=0 absent_email_failed=0 absent_email_skipped=0
[2026-09-09 23:50:00] [cPanelCron] stopped exit_code=0
[2026-09-09 23:51:00] [cPanelCron] start
[2026-09-09 23:51:00] [cPanelCron][AttendanceStatuses] success pending_rows=0 pending_alert_sent=0 pending_reminder_sent=0 auto_absent_rows=0 absent_email_sent=0 absent_email_failed=0 absent_email_skipped=0
[2026-09-09 23:51:00] [cPanelCron] stopped exit_code=0
[2026-09-09 23:52:00] [cPanelCron] start
[2026-09-09 23:52:00] [cPanelCron][AcademicStatusSync] success school_year_rows=0 semester_rows=0 daily_safety=no
[2026-09-09 23:52:00] [cPanelCron][AttendanceGeneration] success generated_rows=0
[2026-09-09 23:52:00] [cPanelCron][AttendanceStatuses] success pending_rows=0 pending_alert_sent=0 pending_reminder_sent=0 auto_absent_rows=0 absent_email_sent=0 absent_email_failed=0 absent_email_skipped=0
[2026-09-09 23:52:00] [cPanelCron] stopped exit_code=0
[2026-09-09 23:53:00] [cPanelCron] start
[2026-09-09 23:53:00] [cPanelCron][AttendanceStatuses] success pending_rows=0 pending_alert_sent=0 pending_reminder_sent=0 auto_absent_rows=0 absent_email_sent=0 absent_email_failed=0 absent_email_skipped=0
[2026-09-09 23:53:00] [cPanelCron] stopped exit_code=0
[2026-09-09 23:54:00] [cPanelCron] start
[2026-09-09 23:54:00] [cPanelCron][AttendanceStatuses] success pending_rows=0 pending_alert_sent=0 pending_reminder_sent=0 auto_absent_rows=0 absent_email_sent=0 absent_email_failed=0 absent_email_skipped=0
[2026-09-09 23:54:00] [cPanelCron] stopped exit_code=0
[2026-09-09 23:55:00] [cPanelCron] start
[2026-09-09 23:55:00] [cPanelCron][AttendanceStatuses] success pending_rows=0 pending_alert_sent=0 pending_reminder_sent=0 auto_absent_rows=0 absent_email_sent=0 absent_email_failed=0 absent_email_skipped=0
[2026-09-09 23:55:00] [cPanelCron] stopped exit_code=0
[2026-09-09 23:56:00] [cPanelCron] start
[2026-09-09 23:56:00] [cPanelCron][AttendanceStatuses] success pending_rows=0 pending_alert_sent=0 pending_reminder_sent=0 auto_absent_rows=0 absent_email_sent=0 absent_email_failed=0 absent_email_skipped=0
[2026-09-09 23:56:00] [cPanelCron] stopped exit_code=0
[2026-09-09 23:57:00] [cPanelCron] start
[2026-09-09 23:57:00] [cPanelCron][AcademicStatusSync] success school_year_rows=0 semester_rows=0 daily_safety=no
[2026-09-09 23:57:00] [cPanelCron][AttendanceGeneration] success generated_rows=0
[2026-09-09 23:57:00] [cPanelCron][AttendanceStatuses] success pending_rows=0 pending_alert_sent=0 pending_reminder_sent=0 auto_absent_rows=0 absent_email_sent=0 absent_email_failed=0 absent_email_skipped=0
[2026-09-09 23:57:00] [cPanelCron] stopped exit_code=0
[2026-09-09 23:58:00] [cPanelCron] start
[2026-09-09 23:58:00] [cPanelCron][AttendanceStatuses] success pending_rows=0 pending_alert_sent=0 pending_reminder_sent=0 auto_absent_rows=0 absent_email_sent=0 absent_email_failed=0 absent_email_skipped=0
[2026-09-09 23:58:00] [cPanelCron] stopped exit_code=0
[2026-09-09 23:59:00] [cPanelCron] start
[2026-09-09 23:59:00] [cPanelCron][AttendanceStatuses] success pending_rows=0 pending_alert_sent=0 pending_reminder_sent=0 auto_absent_rows=0 absent_email_sent=0 absent_email_failed=0 absent_email_skipped=0
[2026-09-09 23:59:00] [cPanelCron] stopped exit_code=0
[2026-09-10 00:00:00] [cPanelCron] start
[2026-09-10 00:00:00] [cPanelCron][AttendanceStatuses] success pending_rows=0 pending_alert_sent=0 pending_reminder_sent=0 auto_absent_rows=0 absent_email_sent=0 absent_email_failed=0 absent_email_skipped=0
[2026-09-10 00:00:00] [cPanelCron] stopped exit_code=0
[2026-09-10 00:01:00] [cPanelCron] start
[2026-09-10 00:01:00] [cPanelCron][AttendanceStatuses] success pending_rows=0 pending_alert_sent=0 pending_reminder_sent=0 auto_absent_rows=0 absent_email_sent=0 absent_email_failed=0 absent_email_skipped=0
[2026-09-10 00:01:00] [cPanelCron] stopped exit_code=0
[2026-09-10 00:02:00] [cPanelCron] start
[2026-09-10 00:02:00] [cPanelCron][AcademicStatusSync] success school_year_rows=0 semester_rows=0 daily_safety=no
[2026-09-10 00:02:00] [cPanelCron][AttendanceGeneration] success generated_rows=15
[2026-09-10 00:02:00] [cPanelCron][AttendanceStatuses] success pending_rows=0 pending_alert_sent=0 pending_reminder_sent=0 auto_absent_rows=0 absent_email_sent=0 absent_email_failed=0 absent_email_skipped=0
[2026-09-10 00:02:00] [cPanelCron] stopped exit_code=0
[2026-09-10 00:03:00] [cPanelCron] start
[2026-09-10 00:03:00] [cPanelCron][AttendanceStatuses] success pending_rows=0 pending_alert_sent=0 pending_reminder_sent=0 auto_absent_rows=0 absent_email_sent=0 absent_email_failed=0 absent_email_skipped=0
[2026-09-10 00:03:00] [cPanelCron] stopped exit_code=0
[2026-09-10 00:04:00] [cPanelCron] start
[2026-09-10 00:04:00] [cPanelCron][AttendanceStatuses] success pending_rows=0 pending_alert_sent=0 pending_reminder_sent=0 auto_absent_rows=0 absent_email_sent=0 absent_email_failed=0 absent_email_skipped=0
[2026-09-10 00:04:00] [cPanelCron] stopped exit_code=0
[2026-09-10 00:05:00] [cPanelCron] start
[2026-09-10 00:05:00] [cPanelCron][AcademicStatusSync] success school_year_rows=0 semester_rows=0 daily_safety=yes
[2026-09-10 00:05:00] [cPanelCron][AttendanceStatuses] success pending_rows=0 pending_alert_sent=0 pending_reminder_sent=0 auto_absent_rows=0 absent_email_sent=0 absent_email_failed=0 absent_email_skipped=0
[2026-09-10 00:05:00] [cPanelCron] stopped exit_code=0
[2026-09-10 00:06:00] [cPanelCron] start
[2026-09-10 00:06:00] [cPanelCron][AttendanceStatuses] success pending_rows=0 pending_alert_sent=0 pending_reminder_sent=0 auto_absent_rows=0 absent_email_sent=0 absent_email_failed=0 absent_email_skipped=0
[2026-09-10 00:06:00] [cPanelCron] stopped exit_code=0
[2026-09-10 00:07:00] [cPanelCron] start
[2026-09-10 00:07:00] [cPanelCron][AttendanceGeneration] success generated_rows=0
[2026-09-10 00:07:00] [cPanelCron][AttendanceStatuses] success pending_rows=0 pending_alert_sent=0 pending_reminder_sent=0 auto_absent_rows=0 absent_email_sent=0 absent_email_failed=0 absent_email_skipped=0
[2026-09-10 00:07:00] [cPanelCron] stopped exit_code=0
[2026-09-10 00:08:00] [cPanelCron] start
[2026-09-10 00:08:00] [cPanelCron][AttendanceStatuses] success pending_rows=0 pending_alert_sent=0 pending_reminder_sent=0 auto_absent_rows=0 absent_email_sent=0 absent_email_failed=0 absent_email_skipped=0
[2026-09-10 00:08:00] [cPanelCron] stopped exit_code=0
[2026-09-10 00:09:00] [cPanelCron] start
[2026-09-10 00:09:00] [cPanelCron][AttendanceStatuses] success pending_rows=0 pending_alert_sent=0 pending_reminder_sent=0 auto_absent_rows=0 absent_email_sent=0 absent_email_failed=0 absent_email_skipped=0
[2026-09-10 00:09:00] [cPanelCron] stopped exit_code=0
[2026-09-10 00:10:00] [cPanelCron] start
[2026-09-10 00:10:00] [cPanelCron][AcademicStatusSync] success school_year_rows=0 semester_rows=0 daily_safety=no
[2026-09-10 00:10:00] [cPanelCron][AttendanceStatuses] success pending_rows=0 pending_alert_sent=0 pending_reminder_sent=0 auto_absent_rows=0 absent_email_sent=0 absent_email_failed=0 absent_email_skipped=0
[2026-09-10 00:10:00] [cPanelCron] stopped exit_code=0
[2026-09-10 00:11:00] [cPanelCron] start
[2026-09-10 00:11:00] [cPanelCron][AttendanceStatuses] success pending_rows=0 pending_alert_sent=0 pending_reminder_sent=0 auto_absent_rows=0 absent_email_sent=0 absent_email_failed=0 absent_email_skipped=0
[2026-09-10 00:11:00] [cPanelCron] stopped exit_code=0
[2026-09-10 00:12:00] [cPanelCron] start
[2026-09-10 00:12:00] [cPanelCron][AttendanceGeneration] success generated_rows=0
[2026-09-10 00:12:00] [cPanelCron][AttendanceStatuses] success pending_rows=0 pending_alert_sent=0 pending_reminder_sent=0 auto_absent_rows=0 absent_email_sent=0 absent_email_failed=0 absent_email_skipped=0
[2026-09-10 00:12:00] [cPanelCron] stopped exit_code=0
[2026-09-10 00:13:00] [cPanelCron] start
[2026-09-10 00:13:00] [cPanelCron][AttendanceStatuses] success pending_rows=0 pending_alert_sent=0 pending_reminder_sent=0 auto_absent_rows=0 absent_email_sent=0 absent_email_failed=0 absent_email_skipped=0
[2026-09-10 00:13:00] [cPanelCron] stopped exit_code=0
[2026-09-10 00:14:00] [cPanelCron] start
[2026-09-10 00:14:00] [cPanelCron][AttendanceStatuses] success pending_rows=0 pending_alert_sent=0 pending_reminder_sent=0 auto_absent_rows=0 absent_email_sent=0 absent_email_failed=0 absent_email_skipped=0
[2026-09-10 00:14:00] [cPanelCron] stopped exit_code=0
[2026-09-10 00:15:00] [cPanelCron] start
[2026-09-10 00:15:00] [cPanelCron][AcademicStatusSync] success school_year_rows=0 semester_rows=0 daily_safety=no
[2026-09-10 00:15:00] [cPanelCron][AttendanceStatuses] success pending_rows=0 pending_alert_sent=0 pending_reminder_sent=0 auto_absent_rows=0 absent_email_sent=0 absent_email_failed=0 absent_email_skipped=0
[2026-09-10 00:15:00] [cPanelCron] stopped exit_code=0
[2026-09-10 00:16:00] [cPanelCron] start
[2026-09-10 00:16:00] [cPanelCron][AttendanceStatuses] success pending_rows=0 pending_alert_sent=0 pending_reminder_sent=0 auto_absent_rows=0 absent_email_sent=0 absent_email_failed=0 absent_email_skipped=0
[2026-09-10 00:16:00] [cPanelCron] stopped exit_code=0
[2026-09-10 00:17:00] [cPanelCron] start
[2026-09-10 00:17:00] [cPanelCron][AttendanceGeneration] success generated_rows=0
[2026-09-10 00:17:00] [cPanelCron][AttendanceStatuses] success pending_rows=0 pending_alert_sent=0 pending_reminder_sent=0 auto_absent_rows=0 absent_email_sent=0 absent_email_failed=0 absent_email_skipped=0
[2026-09-10 00:17:00] [cPanelCron] stopped exit_code=0
[2026-09-10 00:18:00] [cPanelCron] start
[2026-09-10 00:18:00] [cPanelCron][AttendanceStatuses] success pending_rows=0 pending_alert_sent=0 pending_reminder_sent=0 auto_absent_rows=0 absent_email_sent=0 absent_email_failed=0 absent_email_skipped=0
[2026-09-10 00:18:00] [cPanelCron] stopped exit_code=0
[2026-09-10 00:19:00] [cPanelCron] start
[2026-09-10 00:19:00] [cPanelCron][AttendanceStatuses] success pending_rows=0 pending_alert_sent=0 pending_reminder_sent=0 auto_absent_rows=0 absent_email_sent=0 absent_email_failed=0 absent_email_skipped=0
[2026-09-10 00:19:00] [cPanelCron] stopped exit_code=0
[2026-09-10 00:20:00] [cPanelCron] start
[2026-09-10 00:20:00] [cPanelCron][AcademicStatusSync] success school_year_rows=0 semester_rows=0 daily_safety=no
[2026-09-10 00:20:00] [cPanelCron][AttendanceStatuses] success pending_rows=0 pending_alert_sent=0 pending_reminder_sent=0 auto_absent_rows=0 absent_email_sent=0 absent_email_failed=0 absent_email_skipped=0
[2026-09-10 00:20:00] [cPanelCron] stopped exit_code=0
[2026-09-10 00:21:00] [cPanelCron] start
[2026-09-10 00:21:00] [cPanelCron][AttendanceStatuses] success pending_rows=0 pending_alert_sent=0 pending_reminder_sent=0 auto_absent_rows=0 absent_email_sent=0 absent_email_failed=0 absent_email_skipped=0
[2026-09-10 00:21:00] [cPanelCron] stopped exit_code=0
[2026-09-10 00:22:00] [cPanelCron] start
[2026-09-10 00:22:00] [cPanelCron][AttendanceGeneration] success generated_rows=0
[2026-09-10 00:22:00] [cPanelCron][AttendanceStatuses] success pending_rows=0 pending_alert_sent=0 pending_reminder_sent=0 auto_absent_rows=0 absent_email_sent=0 absent_email_failed=0 absent_email_skipped=0
[2026-09-10 00:22:00] [cPanelCron] stopped exit_code=0
[2026-09-10 00:23:00] [cPanelCron] start
[2026-09-10 00:23:00] [cPanelCron][AttendanceStatuses] success pending_rows=0 pending_alert_sent=0 pending_reminder_sent=0 auto_absent_rows=0 absent_email_sent=0 absent_email_failed=0 absent_email_skipped=0
[2026-09-10 00:23:00] [cPanelCron] stopped exit_code=0
[2026-09-10 00:24:00] [cPanelCron] start
[2026-09-10 00:24:00] [cPanelCron][AttendanceStatuses] success pending_rows=0 pending_alert_sent=0 pending_reminder_sent=0 auto_absent_rows=0 absent_email_sent=0 absent_email_failed=0 absent_email_skipped=0
[2026-09-10 00:24:00] [cPanelCron] stopped exit_code=0
[2026-09-10 00:25:00] [cPanelCron] start
[2026-09-10 00:25:00] [cPanelCron][AcademicStatusSync] success school_year_rows=0 semester_rows=0 daily_safety=no
[2026-09-10 00:25:00] [cPanelCron][AttendanceStatuses] success pending_rows=0 pending_alert_sent=0 pending_reminder_sent=0 auto_absent_rows=0 absent_email_sent=0 absent_email_failed=0 absent_email_skipped=0
[2026-09-10 00:25:00] [cPanelCron] stopped exit_code=0
[2026-09-10 00:26:00] [cPanelCron] start
[2026-09-10 00:26:00] [cPanelCron][AttendanceStatuses] success pending_rows=0 pending_alert_sent=0 pending_reminder_sent=0 auto_absent_rows=0 absent_email_sent=0 absent_email_failed=0 absent_email_skipped=0
[2026-09-10 00:26:00] [cPanelCron] stopped exit_code=0
[2026-09-10 00:27:00] [cPanelCron] start
[2026-09-10 00:27:00] [cPanelCron][AttendanceGeneration] success generated_rows=0
[2026-09-10 00:27:00] [cPanelCron][AttendanceStatuses] success pending_rows=0 pending_alert_sent=0 pending_reminder_sent=0 auto_absent_rows=0 absent_email_sent=0 absent_email_failed=0 absent_email_skipped=0
[2026-09-10 00:27:00] [cPanelCron] stopped exit_code=0
[2026-09-10 00:28:00] [cPanelCron] start
[2026-09-10 00:28:00] [cPanelCron][AttendanceStatuses] success pending_rows=0 pending_alert_sent=0 pending_reminder_sent=0 auto_absent_rows=0 absent_email_sent=0 absent_email_failed=0 absent_email_skipped=0
[2026-09-10 00:28:00] [cPanelCron] stopped exit_code=0
[2026-09-10 00:29:00] [cPanelCron] start
[2026-09-10 00:29:00] [cPanelCron][AttendanceStatuses] success pending_rows=0 pending_alert_sent=0 pending_reminder_sent=0 auto_absent_rows=0 absent_email_sent=0 absent_email_failed=0 absent_email_skipped=0
[2026-09-10 00:29:00] [cPanelCron] stopped exit_code=0
[2026-09-10 00:30:00] [cPanelCron] start
[2026-09-10 00:30:00] [cPanelCron][AcademicStatusSync] success school_year_rows=0 semester_rows=0 daily_safety=no
[2026-09-10 00:30:00] [cPanelCron][AttendanceStatuses] success pending_rows=0 pending_alert_sent=0 pending_reminder_sent=0 auto_absent_rows=0 absent_email_sent=0 absent_email_failed=0 absent_email_skipped=0
[2026-09-10 00:30:00] [cPanelCron] stopped exit_code=0
[2026-09-10 00:31:00] [cPanelCron] start
[2026-09-10 00:31:00] [cPanelCron][AttendanceStatuses] success pending_rows=0 pending_alert_sent=0 pending_reminder_sent=0 auto_absent_rows=0 absent_email_sent=0 absent_email_failed=0 absent_email_skipped=0
[2026-09-10 00:31:00] [cPanelCron] stopped exit_code=0
[2026-09-10 00:32:00] [cPanelCron] start
[2026-09-10 00:32:00] [cPanelCron][AttendanceGeneration] success generated_rows=0
[2026-09-10 00:32:00] [cPanelCron][AttendanceStatuses] success pending_rows=0 pending_alert_sent=0 pending_reminder_sent=0 auto_absent_rows=0 absent_email_sent=0 absent_email_failed=0 absent_email_skipped=0
[2026-09-10 00:32:00] [cPanelCron] stopped exit_code=0
[2026-09-10 00:33:00] [cPanelCron] start
[2026-09-10 00:33:00] [cPanelCron][AttendanceStatuses] success pending_rows=0 pending_alert_sent=0 pending_reminder_sent=0 auto_absent_rows=0 absent_email_sent=0 absent_email_failed=0 absent_email_skipped=0
[2026-09-10 00:33:00] [cPanelCron] stopped exit_code=0
[2026-09-10 00:34:00] [cPanelCron] start
[2026-09-10 00:34:00] [cPanelCron][AttendanceStatuses] success pending_rows=0 pending_alert_sent=0 pending_reminder_sent=0 auto_absent_rows=0 absent_email_sent=0 absent_email_failed=0 absent_email_skipped=0
[2026-09-10 00:34:00] [cPanelCron] stopped exit_code=0
[2026-09-10 00:35:00] [cPanelCron] start
[2026-09-10 00:35:00] [cPanelCron][AcademicStatusSync] success school_year_rows=0 semester_rows=0 daily_safety=no
[2026-09-10 00:35:00] [cPanelCron][AttendanceStatuses] success pending_rows=0 pending_alert_sent=0 pending_reminder_sent=0 auto_absent_rows=0 absent_email_sent=0 absent_email_failed=0 absent_email_skipped=0
[2026-09-10 00:35:00] [cPanelCron] stopped exit_code=0
[2026-09-10 00:36:00] [cPanelCron] start
[2026-09-10 00:36:00] [cPanelCron][AttendanceStatuses] success pending_rows=0 pending_alert_sent=0 pending_reminder_sent=0 auto_absent_rows=0 absent_email_sent=0 absent_email_failed=0 absent_email_skipped=0
[2026-09-10 00:36:00] [cPanelCron] stopped exit_code=0
[2026-09-10 00:37:00] [cPanelCron] start
[2026-09-10 00:37:00] [cPanelCron][AttendanceGeneration] success generated_rows=0
[2026-09-10 00:37:00] [cPanelCron][AttendanceStatuses] success pending_rows=0 pending_alert_sent=0 pending_reminder_sent=0 auto_absent_rows=0 absent_email_sent=0 absent_email_failed=0 absent_email_skipped=0
[2026-09-10 00:37:00] [cPanelCron] stopped exit_code=0
[2026-09-10 00:38:00] [cPanelCron] start
[2026-09-10 00:38:00] [cPanelCron][AttendanceStatuses] success pending_rows=0 pending_alert_sent=0 pending_reminder_sent=0 auto_absent_rows=0 absent_email_sent=0 absent_email_failed=0 absent_email_skipped=0
[2026-09-10 00:38:00] [cPanelCron] stopped exit_code=0
[2026-09-10 00:39:00] [cPanelCron] start
[2026-09-10 00:39:00] [cPanelCron][AttendanceStatuses] success pending_rows=0 pending_alert_sent=0 pending_reminder_sent=0 auto_absent_rows=0 absent_email_sent=0 absent_email_failed=0 absent_email_skipped=0
[2026-09-10 00:39:00] [cPanelCron] stopped exit_code=0
[2026-09-10 00:40:00] [cPanelCron] start
[2026-09-10 00:40:00] [cPanelCron][AcademicStatusSync] success school_year_rows=0 semester_rows=0 daily_safety=no
[2026-09-10 00:40:00] [cPanelCron][AttendanceStatuses] success pending_rows=0 pending_alert_sent=0 pending_reminder_sent=0 auto_absent_rows=0 absent_email_sent=0 absent_email_failed=0 absent_email_skipped=0
[2026-09-10 00:40:00] [cPanelCron] stopped exit_code=0
[2026-09-10 00:41:00] [cPanelCron] start
[2026-09-10 00:41:00] [cPanelCron][AttendanceStatuses] success pending_rows=0 pending_alert_sent=0 pending_reminder_sent=0 auto_absent_rows=0 absent_email_sent=0 absent_email_failed=0 absent_email_skipped=0
[2026-09-10 00:41:00] [cPanelCron] stopped exit_code=0
[2026-09-10 00:42:00] [cPanelCron] start
[2026-09-10 00:42:00] [cPanelCron][AttendanceGeneration] success generated_rows=0
[2026-09-10 00:42:00] [cPanelCron][AttendanceStatuses] success pending_rows=0 pending_alert_sent=0 pending_reminder_sent=0 auto_absent_rows=0 absent_email_sent=0 absent_email_failed=0 absent_email_skipped=0
[2026-09-10 00:42:00] [cPanelCron] stopped exit_code=0
[2026-09-10 00:43:00] [cPanelCron] start
[2026-09-10 00:43:00] [cPanelCron][AttendanceStatuses] success pending_rows=0 pending_alert_sent=0 pending_reminder_sent=0 auto_absent_rows=0 absent_email_sent=0 absent_email_failed=0 absent_email_skipped=0
[2026-09-10 00:43:00] [cPanelCron] stopped exit_code=0
[2026-09-10 00:44:00] [cPanelCron] start
[2026-09-10 00:44:00] [cPanelCron][AttendanceStatuses] success pending_rows=0 pending_alert_sent=0 pending_reminder_sent=0 auto_absent_rows=0 absent_email_sent=0 absent_email_failed=0 absent_email_skipped=0
[2026-09-10 00:44:00] [cPanelCron] stopped exit_code=0
[2026-09-10 00:45:00] [cPanelCron] start
[2026-09-10 00:45:00] [cPanelCron][AcademicStatusSync] success school_year_rows=0 semester_rows=0 daily_safety=no
[2026-09-10 00:45:00] [cPanelCron][AttendanceStatuses] success pending_rows=0 pending_alert_sent=0 pending_reminder_sent=0 auto_absent_rows=0 absent_email_sent=0 absent_email_failed=0 absent_email_skipped=0
[2026-09-10 00:45:00] [cPanelCron] stopped exit_code=0
[2026-09-10 00:46:00] [cPanelCron] start
[2026-09-10 00:46:00] [cPanelCron][AttendanceStatuses] success pending_rows=0 pending_alert_sent=0 pending_reminder_sent=0 auto_absent_rows=0 absent_email_sent=0 absent_email_failed=0 absent_email_skipped=0
[2026-09-10 00:46:00] [cPanelCron] stopped exit_code=0
[2026-09-10 00:47:00] [cPanelCron] start
[2026-09-10 00:47:00] [cPanelCron][AttendanceGeneration] success generated_rows=0
[2026-09-10 00:47:00] [cPanelCron][AttendanceStatuses] success pending_rows=0 pending_alert_sent=0 pending_reminder_sent=0 auto_absent_rows=0 absent_email_sent=0 absent_email_failed=0 absent_email_skipped=0
[2026-09-10 00:47:00] [cPanelCron] stopped exit_code=0
[2026-09-10 00:48:00] [cPanelCron] start
[2026-09-10 00:48:04] [cPanelCron][AttendanceStatuses] success pending_rows=1 pending_alert_sent=1 pending_reminder_sent=0 auto_absent_rows=0 absent_email_sent=0 absent_email_failed=0 absent_email_skipped=0
[2026-09-10 00:48:04] [cPanelCron] stopped exit_code=0
[2026-09-10 00:49:00] [cPanelCron] start
[2026-09-10 00:49:00] [cPanelCron][AttendanceStatuses] success pending_rows=0 pending_alert_sent=0 pending_reminder_sent=0 auto_absent_rows=0 absent_email_sent=0 absent_email_failed=0 absent_email_skipped=0
[2026-09-10 00:49:00] [cPanelCron] stopped exit_code=0
[2026-09-10 00:50:00] [cPanelCron] start
[2026-09-10 00:50:00] [cPanelCron][AcademicStatusSync] success school_year_rows=0 semester_rows=0 daily_safety=no
[2026-09-10 00:50:00] [cPanelCron][AttendanceStatuses] success pending_rows=0 pending_alert_sent=0 pending_reminder_sent=0 auto_absent_rows=0 absent_email_sent=0 absent_email_failed=0 absent_email_skipped=0
[2026-09-10 00:50:00] [cPanelCron] stopped exit_code=0
[2026-09-10 00:51:00] [cPanelCron] start
[2026-09-10 00:51:00] [cPanelCron][AttendanceStatuses] success pending_rows=0 pending_alert_sent=0 pending_reminder_sent=0 auto_absent_rows=0 absent_email_sent=0 absent_email_failed=0 absent_email_skipped=0
[2026-09-10 00:51:00] [cPanelCron] stopped exit_code=0
[2026-09-10 00:52:00] [cPanelCron] start
[2026-09-10 00:52:00] [cPanelCron][AttendanceGeneration] success generated_rows=0
[2026-09-10 00:52:00] [cPanelCron][AttendanceStatuses] success pending_rows=0 pending_alert_sent=0 pending_reminder_sent=0 auto_absent_rows=0 absent_email_sent=0 absent_email_failed=0 absent_email_skipped=0
[2026-09-10 00:52:00] [cPanelCron] stopped exit_code=0
[2026-09-10 00:53:00] [cPanelCron] start
[2026-09-10 00:53:00] [cPanelCron][AttendanceStatuses] success pending_rows=0 pending_alert_sent=0 pending_reminder_sent=0 auto_absent_rows=0 absent_email_sent=0 absent_email_failed=0 absent_email_skipped=0
[2026-09-10 00:53:00] [cPanelCron] stopped exit_code=0
[2026-09-10 00:54:00] [cPanelCron] start
[2026-09-10 00:54:00] [cPanelCron][AttendanceStatuses] success pending_rows=0 pending_alert_sent=0 pending_reminder_sent=0 auto_absent_rows=0 absent_email_sent=0 absent_email_failed=0 absent_email_skipped=0
[2026-09-10 00:54:00] [cPanelCron] stopped exit_code=0
[2026-09-10 00:55:00] [cPanelCron] start
[2026-09-10 00:55:00] [cPanelCron][AcademicStatusSync] success school_year_rows=0 semester_rows=0 daily_safety=no
[2026-09-10 00:55:00] [cPanelCron][AttendanceStatuses] success pending_rows=0 pending_alert_sent=0 pending_reminder_sent=0 auto_absent_rows=0 absent_email_sent=0 absent_email_failed=0 absent_email_skipped=0
[2026-09-10 00:55:00] [cPanelCron] stopped exit_code=0
[2026-09-10 00:56:00] [cPanelCron] start
[2026-09-10 00:56:00] [cPanelCron][AttendanceStatuses] success pending_rows=0 pending_alert_sent=0 pending_reminder_sent=0 auto_absent_rows=0 absent_email_sent=0 absent_email_failed=0 absent_email_skipped=0
[2026-09-10 00:56:00] [cPanelCron] stopped exit_code=0
[2026-09-10 00:57:00] [cPanelCron] start
[2026-09-10 00:57:00] [cPanelCron][AttendanceGeneration] success generated_rows=0
[2026-09-10 00:57:00] [cPanelCron][AttendanceStatuses] success pending_rows=0 pending_alert_sent=0 pending_reminder_sent=0 auto_absent_rows=0 absent_email_sent=0 absent_email_failed=0 absent_email_skipped=0
[2026-09-10 00:57:00] [cPanelCron] stopped exit_code=0
[2026-09-10 00:58:00] [cPanelCron] start
[2026-09-10 00:58:03] [cPanelCron][AttendanceStatuses] success pending_rows=0 pending_alert_sent=0 pending_reminder_sent=1 auto_absent_rows=0 absent_email_sent=0 absent_email_failed=0 absent_email_skipped=0
[2026-09-10 00:58:03] [cPanelCron] stopped exit_code=0
[2026-09-10 00:59:00] [cPanelCron] start
[2026-09-10 00:59:00] [cPanelCron][AttendanceStatuses] success pending_rows=0 pending_alert_sent=0 pending_reminder_sent=0 auto_absent_rows=0 absent_email_sent=0 absent_email_failed=0 absent_email_skipped=0
[2026-09-10 00:59:00] [cPanelCron] stopped exit_code=0
[2026-09-10 01:00:00] [cPanelCron] start
[2026-09-10 01:00:00] [cPanelCron][AcademicStatusSync] success school_year_rows=0 semester_rows=0 daily_safety=no
[2026-09-10 01:00:00] [cPanelCron][AttendanceStatuses] success pending_rows=0 pending_alert_sent=0 pending_reminder_sent=0 auto_absent_rows=0 absent_email_sent=0 absent_email_failed=0 absent_email_skipped=0
[2026-09-10 01:00:00] [cPanelCron] stopped exit_code=0
[2026-09-10 01:01:00] [cPanelCron] start
[2026-09-10 01:01:00] [cPanelCron][AttendanceStatuses] success pending_rows=0 pending_alert_sent=0 pending_reminder_sent=0 auto_absent_rows=0 absent_email_sent=0 absent_email_failed=0 absent_email_skipped=0
[2026-09-10 01:01:00] [cPanelCron] stopped exit_code=0
[2026-09-10 01:02:00] [cPanelCron] start
[2026-09-10 01:02:00] [cPanelCron][AttendanceGeneration] success generated_rows=0
[2026-09-10 01:02:00] [cPanelCron][AttendanceStatuses] success pending_rows=0 pending_alert_sent=0 pending_reminder_sent=0 auto_absent_rows=0 absent_email_sent=0 absent_email_failed=0 absent_email_skipped=0
[2026-09-10 01:02:00] [cPanelCron] stopped exit_code=0
[2026-09-10 01:03:00] [cPanelCron] start
[2026-09-10 01:03:00] [cPanelCron][AttendanceStatuses] success pending_rows=0 pending_alert_sent=0 pending_reminder_sent=0 auto_absent_rows=0 absent_email_sent=0 absent_email_failed=0 absent_email_skipped=0
[2026-09-10 01:03:00] [cPanelCron] stopped exit_code=0
[2026-09-10 01:04:00] [cPanelCron] start
[2026-09-10 01:04:00] [cPanelCron][AttendanceStatuses] success pending_rows=0 pending_alert_sent=0 pending_reminder_sent=0 auto_absent_rows=0 absent_email_sent=0 absent_email_failed=0 absent_email_skipped=0
[2026-09-10 01:04:00] [cPanelCron] stopped exit_code=0
[2026-09-10 01:05:00] [cPanelCron] start
[2026-09-10 01:05:00] [cPanelCron][AcademicStatusSync] success school_year_rows=0 semester_rows=0 daily_safety=no
[2026-09-10 01:05:00] [cPanelCron][AttendanceStatuses] success pending_rows=0 pending_alert_sent=0 pending_reminder_sent=0 auto_absent_rows=0 absent_email_sent=0 absent_email_failed=0 absent_email_skipped=0
[2026-09-10 01:05:00] [cPanelCron] stopped exit_code=0
[2026-09-10 01:06:00] [cPanelCron] start
[2026-09-10 01:06:00] [cPanelCron][AttendanceStatuses] success pending_rows=0 pending_alert_sent=0 pending_reminder_sent=0 auto_absent_rows=0 absent_email_sent=0 absent_email_failed=0 absent_email_skipped=0
[2026-09-10 01:06:00] [cPanelCron] stopped exit_code=0
[2026-09-10 01:07:00] [cPanelCron] start
[2026-09-10 01:07:00] [cPanelCron][AttendanceGeneration] success generated_rows=0
[2026-09-10 01:07:00] [cPanelCron][AttendanceStatuses] success pending_rows=0 pending_alert_sent=0 pending_reminder_sent=0 auto_absent_rows=0 absent_email_sent=0 absent_email_failed=0 absent_email_skipped=0
[2026-09-10 01:07:00] [cPanelCron] stopped exit_code=0
[2026-09-10 01:08:00] [cPanelCron] start
[2026-09-10 01:08:00] [cPanelCron][AttendanceStatuses] success pending_rows=0 pending_alert_sent=0 pending_reminder_sent=0 auto_absent_rows=0 absent_email_sent=0 absent_email_failed=0 absent_email_skipped=0
[2026-09-10 01:08:00] [cPanelCron] stopped exit_code=0
[2026-09-10 01:09:00] [cPanelCron] start
[2026-09-10 01:09:00] [cPanelCron][AttendanceStatuses] success pending_rows=0 pending_alert_sent=0 pending_reminder_sent=0 auto_absent_rows=0 absent_email_sent=0 absent_email_failed=0 absent_email_skipped=0
[2026-09-10 01:09:00] [cPanelCron] stopped exit_code=0
[2026-09-10 01:10:00] [cPanelCron] start
[2026-09-10 01:10:00] [cPanelCron][AcademicStatusSync] success school_year_rows=0 semester_rows=0 daily_safety=no
[2026-09-10 01:10:00] [cPanelCron][AttendanceStatuses] success pending_rows=0 pending_alert_sent=0 pending_reminder_sent=0 auto_absent_rows=0 absent_email_sent=0 absent_email_failed=0 absent_email_skipped=0
[2026-09-10 01:10:00] [cPanelCron] stopped exit_code=0
[2026-09-10 01:11:00] [cPanelCron] start
[2026-09-10 01:11:00] [cPanelCron][AttendanceStatuses] success pending_rows=0 pending_alert_sent=0 pending_reminder_sent=0 auto_absent_rows=0 absent_email_sent=0 absent_email_failed=0 absent_email_skipped=0
[2026-09-10 01:11:00] [cPanelCron] stopped exit_code=0
[2026-09-10 01:12:00] [cPanelCron] start
[2026-09-10 01:12:00] [cPanelCron][AttendanceGeneration] success generated_rows=0
[2026-09-10 01:12:00] [cPanelCron][AttendanceStatuses] success pending_rows=0 pending_alert_sent=0 pending_reminder_sent=0 auto_absent_rows=0 absent_email_sent=0 absent_email_failed=0 absent_email_skipped=0
[2026-09-10 01:12:00] [cPanelCron] stopped exit_code=0
[2026-09-10 01:13:00] [cPanelCron] start
[2026-09-10 01:13:00] [cPanelCron][AttendanceStatuses] success pending_rows=0 pending_alert_sent=0 pending_reminder_sent=0 auto_absent_rows=0 absent_email_sent=0 absent_email_failed=0 absent_email_skipped=0
[2026-09-10 01:13:00] [cPanelCron] stopped exit_code=0
[2026-09-10 01:14:00] [cPanelCron] start
[2026-09-10 01:14:00] [cPanelCron][AttendanceStatuses] success pending_rows=0 pending_alert_sent=0 pending_reminder_sent=0 auto_absent_rows=0 absent_email_sent=0 absent_email_failed=0 absent_email_skipped=0
[2026-09-10 01:14:00] [cPanelCron] stopped exit_code=0
