[09-Sep-2026 03:27:50 Europe/Berlin] [database connection] No connection could be made because the target machine actively refused it
[09-Sep-2026 03:28:09 Europe/Berlin] [database connection] No connection could be made because the target machine actively refused it
[09-Sep-2026 03:30:03 Europe/Berlin] [database connection] No connection could be made because the target machine actively refused it
[09-Sep-2026 03:31:18 Europe/Berlin] [database connection] No connection could be made because the target machine actively refused it
[09-Sep-2026 03:32:13 Europe/Berlin] [database connection] No connection could be made because the target machine actively refused it
[09-Sep-2026 09:38:54 Asia/Manila] [unhandled API exception] mysqli_sql_exception: MySQL server has gone away
[09-Sep-2026 09:38:54 Asia/Manila] [api server error] error: "internal_server_error"
[09-Sep-2026 03:39:09 Europe/Berlin] [database connection] No connection could be made because the target machine actively refused it
[09-Sep-2026 03:39:18 Europe/Berlin] [database connection] No connection could be made because the target machine actively refused it
[11-Sep-2026 18:55:22 Asia/Manila] PHP Fatal error:  Maximum execution time of 120 seconds exceeded in C:\xampp\htdocs\3D1.3xxsc\api\api\attendance.php on line 492
[11-Sep-2026 18:55:22 Asia/Manila] PHP Fatal error:  Maximum execution time of 120 seconds exceeded in C:\xampp\htdocs\3D1.3xxsc\api\api\attendance.php on line 492
[12-Sep-2026 13:59:47 Europe/Berlin] [database connection] No connection could be made because the target machine actively refused it
[12-Sep-2026 13:59:53 Europe/Berlin] [database connection] No connection could be made because the target machine actively refused it
[12-Sep-2026 13:59:59 Europe/Berlin] [database connection] No connection could be made because the target machine actively refused it
[12-Sep-2026 14:00:04 Europe/Berlin] [database connection] No connection could be made because the target machine actively refused it
[12-Sep-2026 14:00:18 Europe/Berlin] [database connection] No connection could be made because the target machine actively refused it
[12-Sep-2026 14:00:18 Europe/Berlin] [database connection] No connection could be made because the target machine actively refused it
[12-Sep-2026 14:00:18 Europe/Berlin] [database connection] No connection could be made because the target machine actively refused it
[12-Sep-2026 14:00:29 Europe/Berlin] [database connection] No connection could be made because the target machine actively refused it
[12-Sep-2026 14:00:33 Europe/Berlin] [database connection] No connection could be made because the target machine actively refused it
[12-Sep-2026 14:00:42 Europe/Berlin] [database connection] No connection could be made because the target machine actively refused it
[12-Sep-2026 14:01:02 Europe/Berlin] [database connection] No connection could be made because the target machine actively refused it
[13-Sep-2026 08:54:38 Europe/Berlin] [database connection] No connection could be made because the target machine actively refused it
[13-Sep-2026 08:54:38 Europe/Berlin] [database connection] No connection could be made because the target machine actively refused it
[13-Sep-2026 08:54:38 Europe/Berlin] [database connection] No connection could be made because the target machine actively refused it
[13-Sep-2026 08:54:38 Europe/Berlin] [database connection] No connection could be made because the target machine actively refused it
[13-Sep-2026 08:54:39 Europe/Berlin] [database connection] No connection could be made because the target machine actively refused it
[13-Sep-2026 08:54:39 Europe/Berlin] [database connection] No connection could be made because the target machine actively refused it
[13-Sep-2026 08:54:44 Europe/Berlin] [database connection] No connection could be made because the target machine actively refused it
[13-Sep-2026 08:54:45 Europe/Berlin] [database connection] No connection could be made because the target machine actively refused it
[13-Sep-2026 08:54:45 Europe/Berlin] [database connection] No connection could be made because the target machine actively refused it
[13-Sep-2026 08:54:45 Europe/Berlin] [database connection] No connection could be made because the target machine actively refused it
[13-Sep-2026 22:42:50 Asia/Manila] [web_push] delivery failed: Client error: `POST https://fcm.googleapis.com/fcm/send/ehAz8PKHvC4:APA91bFSTkB5Ot2cOUM0750NZEi_iNC9aI4YZUdqs6ay8Z9OiAYMeIzDsv2DhPkbfZlqoKbz-N7OjdAK0OhczeSPMmGtmwQjUEtRz5dehFzuhSxvARikEqUYZuN1SOeM4oma5-8pb_a9` resulted in a `403 Forbidden` response:
the VAPID credentials in the authorization header do not correspond to the credentials used to create the subscriptions. (truncated...)

[14-Sep-2026 10:46:49 Asia/Manila] [web_push] delivery failed: Client error: `POST https://fcm.googleapis.com/fcm/send/ehAz8PKHvC4:APA91bFSTkB5Ot2cOUM0750NZEi_iNC9aI4YZUdqs6ay8Z9OiAYMeIzDsv2DhPkbfZlqoKbz-N7OjdAK0OhczeSPMmGtmwQjUEtRz5dehFzuhSxvARikEqUYZuN1SOeM4oma5-8pb_a9` resulted in a `403 Forbidden` response:
the VAPID credentials in the authorization header do not correspond to the credentials used to create the subscriptions. (truncated...)

[20-Sep-2026 04:20:52 Asia/Manila] [unhandled API exception] mysqli_sql_exception: Unknown column 'd.sub_name' in 'field list'
[20-Sep-2026 04:20:52 Asia/Manila] [api server error] error: "internal_server_error"
[20-Sep-2026 04:20:52 Asia/Manila] [unhandled API exception] mysqli_sql_exception: Unknown column 'p.sub_name' in 'field list'
[20-Sep-2026 04:20:52 Asia/Manila] [api server error] error: "internal_server_error"
[20-Sep-2026 04:20:52 Asia/Manila] [unhandled API exception] mysqli_sql_exception: Unknown column 'd.sub_name' in 'field list'
[20-Sep-2026 04:20:52 Asia/Manila] [api server error] error: "internal_server_error"
[20-Sep-2026 04:21:12 Asia/Manila] [unhandled API exception] mysqli_sql_exception: Unknown column 'd.sub_name' in 'field list'
[20-Sep-2026 04:21:12 Asia/Manila] [api server error] error: "internal_server_error"
[20-Sep-2026 04:21:16 Asia/Manila] [unhandled API exception] mysqli_sql_exception: Unknown column 'd.sub_name' in 'field list'
[20-Sep-2026 04:21:16 Asia/Manila] [api server error] error: "internal_server_error"
[20-Sep-2026 04:21:20 Asia/Manila] [unhandled API exception] mysqli_sql_exception: Unknown column 'p.sub_name' in 'field list'
[20-Sep-2026 04:21:20 Asia/Manila] [api server error] error: "internal_server_error"
[20-Sep-2026 04:21:20 Asia/Manila] [unhandled API exception] mysqli_sql_exception: Unknown column 'd.sub_name' in 'field list'
[20-Sep-2026 04:21:20 Asia/Manila] [api server error] error: "internal_server_error"
[20-Sep-2026 04:21:20 Asia/Manila] [unhandled API exception] mysqli_sql_exception: Duplicate column name 'manual_code'
[20-Sep-2026 04:21:20 Asia/Manila] [unhandled API exception] mysqli_sql_exception: Duplicate column name 'manual_code'
[20-Sep-2026 04:21:20 Asia/Manila] [unhandled API exception] mysqli_sql_exception: Duplicate column name 'manual_code'
[20-Sep-2026 04:21:20 Asia/Manila] [api server error] error: "internal_server_error"
[20-Sep-2026 04:21:20 Asia/Manila] [api server error] error: "internal_server_error"
[20-Sep-2026 04:21:20 Asia/Manila] [api server error] error: "internal_server_error"
[20-Sep-2026 04:21:20 Asia/Manila] [unhandled API exception] mysqli_sql_exception: Unknown column 'd.sub_name' in 'field list'
[20-Sep-2026 04:21:20 Asia/Manila] [api server error] error: "internal_server_error"
[20-Sep-2026 04:21:20 Asia/Manila] [unhandled API exception] mysqli_sql_exception: Duplicate column name 'model_updated_by'
[20-Sep-2026 04:21:20 Asia/Manila] [api server error] error: "internal_server_error"
[20-Sep-2026 04:21:48 Asia/Manila] [unhandled API exception] mysqli_sql_exception: Unknown column 'd.sub_name' in 'field list'
[20-Sep-2026 04:21:48 Asia/Manila] [unhandled API exception] mysqli_sql_exception: Unknown column 'p.sub_name' in 'field list'
[20-Sep-2026 04:21:48 Asia/Manila] [api server error] error: "internal_server_error"
[20-Sep-2026 04:21:48 Asia/Manila] [api server error] error: "internal_server_error"
[20-Sep-2026 04:21:48 Asia/Manila] [unhandled API exception] mysqli_sql_exception: Unknown column 'd.sub_name' in 'field list'
[20-Sep-2026 04:21:48 Asia/Manila] [api server error] error: "internal_server_error"
[20-Sep-2026 04:22:03 Asia/Manila] [unhandled API exception] mysqli_sql_exception: Unknown column 'd.sub_name' in 'field list'
[20-Sep-2026 04:22:03 Asia/Manila] [api server error] error: "internal_server_error"
[20-Sep-2026 04:22:21 Asia/Manila] [unhandled API exception] mysqli_sql_exception: Unknown column 'd.sub_name' in 'field list'
[20-Sep-2026 04:22:21 Asia/Manila] [api server error] error: "internal_server_error"
[20-Sep-2026 04:26:49 Asia/Manila] [unhandled API exception] mysqli_sql_exception: Unknown column 'd.sub_name' in 'field list'
[20-Sep-2026 04:26:49 Asia/Manila] [api server error] error: "internal_server_error"
[20-Sep-2026 04:26:51 Asia/Manila] [unhandled API exception] mysqli_sql_exception: Unknown column 'd.sub_name' in 'field list'
[20-Sep-2026 04:26:51 Asia/Manila] [api server error] error: "internal_server_error"
[20-Sep-2026 04:43:23 Asia/Manila] [forgot-password] Failed to send OTP email to chbe.bantayao.coc@phinmaed.com
[20-Sep-2026 19:48:52 Asia/Manila] [database connection] Access denied for user 'root'@'143.44.193.82' (using password: YES)
[20-Sep-2026 19:49:15 Asia/Manila] [database connection] Access denied for user 'root'@'143.44.193.82' (using password: YES)
